venv\Scripts\python : Executing <Task pending name='Task-2' coro=<TestAIFlow.test_semantic_search() running at 
G:\Backend-notes\second_brain\test_ai_flow.py:28> cb=[_run_until_complete_cb() at 
C:\Python314\Lib\asyncio\base_events.py:181] created at C:\Python314\Lib\asyncio\runners.py:109> took 0.271 seconds
At line:1 char:1
+ venv\Scripts\python test_ai_flow.py > test_output.txt 2>&1
+ ~~~~~~~~~~~~~~~~~~~~~~~~~~~~~~~~~~~~~~~~~~~~~~~~~~~~~~~~~~
    + CategoryInfo          : NotSpecified: (Executing <Task...k 0.271 seconds:String) [], RemoteException
    + FullyQualifiedErrorId : NativeCommandError
 
Executing <Task pending name='Task-2' coro=<TestAIFlow.test_semantic_search() running at 
G:\Backend-notes\second_brain\test_ai_flow.py:29> cb=[_run_until_complete_cb() at 
C:\Python314\Lib\asyncio\base_events.py:181] created at C:\Python314\Lib\asyncio\runners.py:109> took 0.280 seconds
Error adding memory: {'code': '22P02', 'details': None, 'hint': None, 'message': 'invalid input syntax for type uuid: 
"test-user-123"'}
Executing <Task finished name='Task-2' coro=<TestAIFlow.test_semantic_search() done, defined at 
G:\Backend-notes\second_brain\test_ai_flow.py:14> exception=Error 22P02:
Message: invalid input syntax for type uuid: "test-user-123" created at C:\Python314\Lib\asyncio\runners.py:109> took 
0.628 seconds
E
======================================================================
ERROR: test_semantic_search (__main__.TestAIFlow.test_semantic_search)
----------------------------------------------------------------------
Traceback (most recent call last):
  File "C:\Python314\Lib\asyncio\runners.py", line 127, in run
    return self._loop.run_until_complete(task)
           ~~~~~~~~~~~~~~~~~~~~~~~~~~~~~^^^^^^
  File "C:\Python314\Lib\asyncio\base_events.py", line 719, in run_until_complete
    return future.result()
           ~~~~~~~~~~~~~^^
  File "G:\Backend-notes\second_brain\test_ai_flow.py", line 30, in test_semantic_search
    memory_store.add_memory(
    ~~~~~~~~~~~~~~~~~~~~~~~^
        content=text,
        ^^^^^^^^^^^^^
    ...<3 lines>...
        metadata={"type": "demo"}
        ^^^^^^^^^^^^^^^^^^^^^^^^^
    )
    ^
  File "G:\Backend-notes\second_brain\utils\memory_store.py", line 64, in add_memory
    response = supabase.table("memories").insert(data).execute()
  File "G:\Backend-notes\second_brain\venv\Lib\site-packages\postgrest\_sync\request_builder.py", line 78, in execute
    raise APIError(r.json())
postgrest.exceptions.APIError: {'code': '22P02', 'details': None, 'hint': None, 'message': 'invalid input syntax for 
type uuid: "test-user-123"'}

----------------------------------------------------------------------
Ran 1 test in 5.438s

FAILED (errors=1)

--- Starting AI Semantic Search Integration Test ---
Uploading memories...
